<html>
<body>
<pre>
<h1>礦ision Build Log</h1>
<h2>Tool Versions:</h2>
IDE-Version: μVision V5.25.2.0
Copyright (C) 2018 ARM Ltd and ARM Germany GmbH. All rights reserved.
License Information: lin lam, feng, LIC=TA39H-WC4EY-68TFC-7LH4Z-4QU60-SG0NZ
 
Tool Versions:
Toolchain:       MDK-ARM Professional  Version: 5.25.2.0
Toolchain Path:  D:\keil_v5\ARM\ARMCC\Bin
C Compiler:      Armcc.exe V5.06 update 6 (build 750)
Assembler:       Armasm.exe V5.06 update 6 (build 750)
Linker/Locator:  ArmLink.exe V5.06 update 6 (build 750)
Library Manager: ArmAr.exe V5.06 update 6 (build 750)
Hex Converter:   FromElf.exe V5.06 update 6 (build 750)
CPU DLL:         SARMCM3.DLL V5.25.2.0
Dialog DLL:      DCM.DLL V1.17.1.0
Target DLL:      CMSIS_AGDI.dll V1.29.10.0
Dialog DLL:      TCM.DLL V1.35.1.0
 
<h2>Project:</h2>
D:\desktop\基于STM32F103_指南者_开发板\03，消息队列\Project\RVMDK（uv5）\Fire_LiteOS.uvprojx
Project File Date:  05/31/2021

<h2>Output:</h2>
*** Using Compiler 'V5.06 update 6 (build 750)', folder: 'D:\keil_v5\ARM\ARMCC\Bin'
Rebuild target 'Fire_LiteOS'
assembling startup_stm32f10x_hd.s...
compiling core_cm3.c...
compiling system_stm32f10x.c...
compiling misc.c...
compiling stm32f10x_bkp.c...
compiling stm32f10x_dma.c...
compiling stm32f10x_crc.c...
compiling stm32f10x_adc.c...
compiling stm32f10x_dbgmcu.c...
compiling stm32f10x_cec.c...
compiling stm32f10x_gpio.c...
compiling stm32f10x_exti.c...
compiling stm32f10x_can.c...
compiling stm32f10x_dac.c...
compiling stm32f10x_flash.c...
compiling stm32f10x_fsmc.c...
compiling stm32f10x_i2c.c...
compiling stm32f10x_iwdg.c...
compiling stm32f10x_pwr.c...
compiling stm32f10x_rcc.c...
compiling stm32f10x_rtc.c...
compiling stm32f10x_it.c...
compiling bsp_led.c...
compiling stm32f10x_spi.c...
compiling stm32f10x_sdio.c...
compiling stm32f10x_wwdg.c...
compiling stm32f10x_usart.c...
compiling bsp_usart.c...
compiling stm32f10x_tim.c...
compiling bsp_key.c...
compiling main.c...
compiling los_priqueue.c...
compiling los_sys.c...
compiling cmsis_liteos.c...
compiling los_swtmr.c...
compiling los_task.c...
compiling los_timeslice.c...
compiling los_tick.c...
compiling los_err.c...
compiling los_memcheck.c...
compiling los_misc.c...
compiling los_heap.c...
compiling los_mux.c...
compiling los_event.c...
compiling los_membox.c...
compiling los_init.c...
compiling los_sem.c...
compiling los_queue.c...
compiling los_memstat.c...
assembling los_dispatch_keil.S...
compiling los_memory.c...
compiling los_slab.c...
compiling los_slabmem.c...
compiling los_hw.c...
compiling los_hwi.c...
compiling los_hw_tick.c...
linking...
Program Size: Code=18100 RO-data=672 RW-data=236 ZI-data=1436  
FromELF: creating hex file...
"..\..\Output\Fire_LiteOS.axf" - 0 Error(s), 0 Warning(s).

<h2>Software Packages used:</h2>

Package Vendor: Keil
                http://www.keil.com/pack/Keil.STM32F1xx_DFP.2.3.0.pack
                Keil.STM32F1xx_DFP.2.3.0
                STMicroelectronics STM32F1 Series Device Support, Drivers and Examples

<h2>Collection of Component include folders:</h2>
  .\RTE\_Fire_LiteOS
  D:\keil_v5\ARM\PACK\Keil\STM32F1xx_DFP\2.3.0\Device\Include

<h2>Collection of Component Files used:</h2>
Build Time Elapsed:  00:00:04
</pre>
</body>
</html>
